
> @gsmaxall/web@0.1.0 build
> next build

⚠ Warning: Next.js inferred your workspace root, but it may not be correct.
 We detected multiple lockfiles and selected the directory of /Users/mac/package-lock.json as the root directory.
 To silence this warning, set `turbopack.root` in your Next.js config, or consider removing one of the lockfiles if it's not needed.
   See https://nextjs.org/docs/app/api-reference/config/next-config-js/turbopack#root-directory for more information.
 Detected additional lockfiles: 
   * /Users/mac/Desktop/GSMAXANTA/package-lock.json

▲ Next.js 16.2.9 (Turbopack)

  Creating an optimized production build ...
(node:55835) [DEP0205] DeprecationWarning: `module.register()` is deprecated. Use `module.registerHooks()` instead.
(Use `node --trace-deprecation ...` to show where the warning was created)
✓ Compiled successfully in 15.4s
  Running TypeScript ...
  Finished TypeScript in 16.3s ...
  Collecting page data using 15 workers ...
  Generating static pages using 15 workers (0/19) ...
  Generating static pages using 15 workers (4/19) 
  Generating static pages using 15 workers (9/19) 
  Generating static pages using 15 workers (14/19) 
✓ Generating static pages using 15 workers (19/19) in 2.2s
  Finalizing page optimization ...

Route (app)
┌ ○ /
├ ○ /_not-found
├ ○ /admin
├ ○ /agents
├ ƒ /api/chat
├ ○ /blog
├ ○ /chat
├ ○ /dashboard
├ ○ /docs
├ ○ /features
├ ○ /ide
├ ○ /knowledge
├ ○ /login
├ ○ /pricing
├ ○ /settings
├ ○ /signup
└ ○ /workflows


○  (Static)   prerendered as static content
ƒ  (Dynamic)  server-rendered on demand

